[{"url":"https://api.github.com/repos/TartanLlama/expected/releases/231956629","assets_url":"https://api.github.com/repos/TartanLlama/expected/releases/231956629/assets","upload_url":"https://uploads.github.com/repos/TartanLlama/expected/releases/231956629/assets{?name,label}","html_url":"https://github.com/TartanLlama/expected/releases/tag/v1.2.0","id":231956629,"author":{"login":"TartanLlama","id":1856614,"node_id":"MDQ6VXNlcjE4NTY2MTQ=","avatar_url":"https://avatars.githubusercontent.com/u/1856614?v=4","gravatar_id":"","url":"https://api.github.com/users/TartanLlama","html_url":"https://github.com/TartanLlama","followers_url":"https://api.github.com/users/TartanLlama/followers","following_url":"https://api.github.com/users/TartanLlama/following{/other_user}","gists_url":"https://api.github.com/users/TartanLlama/gists{/gist_id}","starred_url":"https://api.github.com/users/TartanLlama/starred{/owner}{/repo}","subscriptions_url":"https://api.github.com/users/TartanLlama/subscriptions","organizations_url":"https://api.github.com/users/TartanLlama/orgs","repos_url":"https://api.github.com/users/TartanLlama/repos","events_url":"https://api.github.com/users/TartanLlama/events{/privacy}","received_events_url":"https://api.github.com/users/TartanLlama/received_events","type":"User","user_view_type":"public","site_admin":false},"node_id":"RE_kwDOBnSnjM4N02CV","tag_name":"v1.2.0","target_commitish":"master","name":"v1.2.0","draft":false,"immutable":false,"prerelease":false,"created_at":"2025-07-12T10:54:35Z","updated_at":"2025-07-12T10:55:57Z","published_at":"2025-07-12T10:55:57Z","assets":[],"tarball_url":"https://api.github.com/repos/TartanLlama/expected/tarball/v1.2.0","zipball_url":"https://api.github.com/repos/TartanLlama/expected/zipball/v1.2.0","body":"## What's Changed\r\n* Fix bug in unequal operator with void as expected value by @bojanstrbac in https://github.com/TartanLlama/expected/pull/156\r\n* added workaround for wrong value of __cplusplus in MSVC compiler by @georg-emg in https://github.com/TartanLlama/expected/pull/136\r\n* Add [[nodiscard]] to tl::expected by @Quuxplusone in https://github.com/TartanLlama/expected/pull/165\r\n* Fix ci by @TartanLlama in https://github.com/TartanLlama/expected/pull/174\r\n\r\n**Full Changelog**: https://github.com/TartanLlama/expected/compare/v1.1.0...v1.2.0","reactions":{"url":"https://api.github.com/repos/TartanLlama/expected/releases/231956629/reactions","total_count":4,"+1":0,"-1":0,"laugh":0,"hooray":0,"confused":0,"heart":4,"rocket":0,"eyes":0},"mentions_count":4},{"url":"https://api.github.com/repos/TartanLlama/expected/releases/95678320","assets_url":"https://api.github.com/repos/TartanLlama/expected/releases/95678320/assets","upload_url":"https://uploads.github.com/repos/TartanLlama/expected/releases/95678320/assets{?name,label}","html_url":"https://github.com/TartanLlama/expected/releases/tag/v1.1.0","id":95678320,"author":{"login":"TartanLlama","id":1856614,"node_id":"MDQ6VXNlcjE4NTY2MTQ=","avatar_url":"https://avatars.githubusercontent.com/u/1856614?v=4","gravatar_id":"","url":"https://api.github.com/users/TartanLlama","html_url":"https://github.com/TartanLlama","followers_url":"https://api.github.com/users/TartanLlama/followers","following_url":"https://api.github.com/users/TartanLlama/following{/other_user}","gists_url":"https://api.github.com/users/TartanLlama/gists{/gist_id}","starred_url":"https://api.github.com/users/TartanLlama/starred{/owner}{/repo}","subscriptions_url":"https://api.github.com/users/TartanLlama/subscriptions","organizations_url":"https://api.github.com/users/TartanLlama/orgs","repos_url":"https://api.github.com/users/TartanLlama/repos","events_url":"https://api.github.com/users/TartanLlama/events{/privacy}","received_events_url":"https://api.github.com/users/TartanLlama/received_events","type":"User","user_view_type":"public","site_admin":false},"node_id":"RE_kwDOBnSnjM4Fs-9w","tag_name":"v1.1.0","target_commitish":"master","name":"v1.1","draft":false,"immutable":false,"prerelease":false,"created_at":"2023-03-15T10:28:19Z","updated_at":"2023-03-15T10:29:53Z","published_at":"2023-03-15T10:29:53Z","assets":[],"tarball_url":"https://api.github.com/repos/TartanLlama/expected/tarball/v1.1.0","zipball_url":"https://api.github.com/repos/TartanLlama/expected/zipball/v1.1.0","body":"## What's Changed\r\n* Modify Conanfile to package expected as a header-only library in https://github.com/TartanLlama/expected/pull/56\r\n* Move the error value when throwing an exception in .value rval overloads in https://github.com/TartanLlama/expected/pull/62\r\n* Syntax highlight in README in https://github.com/TartanLlama/expected/pull/64\r\n* Revamp CMake to be correct and easy to understand in https://github.com/TartanLlama/expected/pull/69\r\n* Fix use of std::remove_cv in static_assert in https://github.com/TartanLlama/expected/pull/90\r\n* Add deduction guide to tl::unexpected in https://github.com/TartanLlama/expected/pull/109\r\n* Use move construction in swap implementation in https://github.com/TartanLlama/expected/pull/103\r\n* Fix warnings in test in https://github.com/TartanLlama/expected/pull/92\r\n* Test on many compilers in https://github.com/TartanLlama/expected/pull/123\r\n* Remove undefined behaviour in https://github.com/TartanLlama/expected/pull/117\r\n* Fixed issue #129 in https://github.com/TartanLlama/expected/pull/131\r\n* remove submodule directory in https://github.com/TartanLlama/expected/pull/138\r\n\r\n**Full Changelog**: https://github.com/TartanLlama/expected/compare/v1.0.0...v1.1.0","reactions":{"url":"https://api.github.com/repos/TartanLlama/expected/releases/95678320/reactions","total_count":7,"+1":0,"-1":0,"laugh":0,"hooray":7,"confused":0,"heart":0,"rocket":0,"eyes":0}},{"url":"https://api.github.com/repos/TartanLlama/expected/releases/18207156","assets_url":"https://api.github.com/repos/TartanLlama/expected/releases/18207156/assets","upload_url":"https://uploads.github.com/repos/TartanLlama/expected/releases/18207156/assets{?name,label}","html_url":"https://github.com/TartanLlama/expected/releases/tag/v1.0.0","id":18207156,"author":{"login":"TartanLlama","id":1856614,"node_id":"MDQ6VXNlcjE4NTY2MTQ=","avatar_url":"https://avatars.githubusercontent.com/u/1856614?v=4","gravatar_id":"","url":"https://api.github.com/users/TartanLlama","html_url":"https://github.com/TartanLlama","followers_url":"https://api.github.com/users/TartanLlama/followers","following_url":"https://api.github.com/users/TartanLlama/following{/other_user}","gists_url":"https://api.github.com/users/TartanLlama/gists{/gist_id}","starred_url":"https://api.github.com/users/TartanLlama/starred{/owner}{/repo}","subscriptions_url":"https://api.github.com/users/TartanLlama/subscriptions","organizations_url":"https://api.github.com/users/TartanLlama/orgs","repos_url":"https://api.github.com/users/TartanLlama/repos","events_url":"https://api.github.com/users/TartanLlama/events{/privacy}","received_events_url":"https://api.github.com/users/TartanLlama/received_events","type":"User","user_view_type":"public","site_admin":false},"node_id":"MDc6UmVsZWFzZTE4MjA3MTU2","tag_name":"v1.0.0","target_commitish":"master","name":"1.0!","draft":false,"immutable":false,"prerelease":false,"created_at":"2019-06-25T11:34:36Z","updated_at":"2019-06-25T12:11:55Z","published_at":"2019-06-25T12:11:55Z","assets":[],"tarball_url":"https://api.github.com/repos/TartanLlama/expected/tarball/v1.0.0","zipball_url":"https://api.github.com/repos/TartanLlama/expected/zipball/v1.0.0","body":"- Add CMake install target\r\n- Small bugfixes and optimizations"},{"url":"https://api.github.com/repos/TartanLlama/expected/releases/13213413","assets_url":"https://api.github.com/repos/TartanLlama/expected/releases/13213413/assets","upload_url":"https://uploads.github.com/repos/TartanLlama/expected/releases/13213413/assets{?name,label}","html_url":"https://github.com/TartanLlama/expected/releases/tag/v0.3","id":13213413,"author":{"login":"TartanLlama","id":1856614,"node_id":"MDQ6VXNlcjE4NTY2MTQ=","avatar_url":"https://avatars.githubusercontent.com/u/1856614?v=4","gravatar_id":"","url":"https://api.github.com/users/TartanLlama","html_url":"https://github.com/TartanLlama","followers_url":"https://api.github.com/users/TartanLlama/followers","following_url":"https://api.github.com/users/TartanLlama/following{/other_user}","gists_url":"https://api.github.com/users/TartanLlama/gists{/gist_id}","starred_url":"https://api.github.com/users/TartanLlama/starred{/owner}{/repo}","subscriptions_url":"https://api.github.com/users/TartanLlama/subscriptions","organizations_url":"https://api.github.com/users/TartanLlama/orgs","repos_url":"https://api.github.com/users/TartanLlama/repos","events_url":"https://api.github.com/users/TartanLlama/events{/privacy}","received_events_url":"https://api.github.com/users/TartanLlama/received_events","type":"User","user_view_type":"public","site_admin":false},"node_id":"MDc6UmVsZWFzZTEzMjEzNDEz","tag_name":"v0.3","target_commitish":"master","name":"","draft":false,"immutable":false,"prerelease":false,"created_at":"2018-09-06T08:33:23Z","updated_at":"2018-10-03T00:42:53Z","published_at":"2018-10-03T00:42:53Z","assets":[],"tarball_url":"https://api.github.com/repos/TartanLlama/expected/tarball/v0.3","zipball_url":"https://api.github.com/repos/TartanLlama/expected/zipball/v0.3","body":"* Make exceptions optional\r\n* Fix a variety of errors related to `expected<void,E>`\r\n* Play nice with CMake's `add_subdirectory`\r\n* Fix compiling in C++17 mode with a `std::invoke` visible in the same TU\r\n* Address some compiler warnings\r\n* Remove ordering functions, since they were essentially broken (if you relied on these, please let me know)\r\n* Improve compatibility with `tl::optional`\r\n* Fix GCC 5.5 support"},{"url":"https://api.github.com/repos/TartanLlama/expected/releases/9018688","assets_url":"https://api.github.com/repos/TartanLlama/expected/releases/9018688/assets","upload_url":"https://uploads.github.com/repos/TartanLlama/expected/releases/9018688/assets{?name,label}","html_url":"https://github.com/TartanLlama/expected/releases/tag/v0.2","id":9018688,"author":{"login":"TartanLlama","id":1856614,"node_id":"MDQ6VXNlcjE4NTY2MTQ=","avatar_url":"https://avatars.githubusercontent.com/u/1856614?v=4","gravatar_id":"","url":"https://api.github.com/users/TartanLlama","html_url":"https://github.com/TartanLlama","followers_url":"https://api.github.com/users/TartanLlama/followers","following_url":"https://api.github.com/users/TartanLlama/following{/other_user}","gists_url":"https://api.github.com/users/TartanLlama/gists{/gist_id}","starred_url":"https://api.github.com/users/TartanLlama/starred{/owner}{/repo}","subscriptions_url":"https://api.github.com/users/TartanLlama/subscriptions","organizations_url":"https://api.github.com/users/TartanLlama/orgs","repos_url":"https://api.github.com/users/TartanLlama/repos","events_url":"https://api.github.com/users/TartanLlama/events{/privacy}","received_events_url":"https://api.github.com/users/TartanLlama/received_events","type":"User","user_view_type":"public","site_admin":false},"node_id":"MDc6UmVsZWFzZTkwMTg2ODg=","tag_name":"v0.2","target_commitish":"master","name":"v0.2","draft":false,"immutable":false,"prerelease":false,"created_at":"2017-12-23T15:51:48Z","updated_at":"2017-12-23T15:55:00Z","published_at":"2017-12-23T15:55:00Z","assets":[],"tarball_url":"https://api.github.com/repos/TartanLlama/expected/tarball/v0.2","zipball_url":"https://api.github.com/repos/TartanLlama/expected/zipball/v0.2","body":"- Support for `expected<void,E>`\r\n- Fixed copy/move operations for `expected<trivially_copyable, non_trivially_copyable>`\r\n- Fixed non-trivial copy assignment\r\n- Fix some MSVC 2017 issues which turn up when using `std::string` as an error"}]